
w: file:///D:/2026-2027/hk4/Lap%20trinh%20di%20dong
/AngriSmart/app/src/main/java/com/example/angrismar
t/ui/screens/field/AddFieldScreen.kt:59:44 'val 
Icons.Filled.ArrowBack: ImageVector' is 
deprecated. Use the AutoMirrored version at 
Icons.AutoMirrored.Filled.ArrowBack.
w: file:///D:/2026-2027/hk4/Lap%20trinh%20di%20dong
/AngriSmart/app/src/main/java/com/example/angrismar
t/ui/screens/field/AddFieldScreen.kt:149:30 'fun 
Modifier.menuAnchor(): Modifier' is deprecated. 
Use overload that takes MenuAnchorType and enabled 
parameters.
w: file:///D:/2026-2027/hk4/Lap%20trinh%20di%20dong
/AngriSmart/app/src/main/java/com/example/angrismar
t/ui/screens/field/FieldDetailScreen.kt:48:44 'val 
Icons.Filled.ArrowBack: ImageVector' is 
deprecated. Use the AutoMirrored version at 
Icons.AutoMirrored.Filled.ArrowBack.
w: file:///D:/2026-2027/hk4/Lap%20trinh%20di%20dong
/AngriSmart/app/src/main/java/com/example/angrismar
t/ui/screens/field/FieldDetailScreen.kt:115:13 
'fun Divider(modifier: Modifier = ..., thickness: 
Dp = ..., color: Color = ...): Unit' is 
deprecated. Renamed to HorizontalDivider.
w: file:///D:/2026-2027/hk4/Lap%20trinh%20di%20dong
/AngriSmart/app/src/main/java/com/example/angrismar
t/ui/screens/field/FieldDetailScreen.kt:174:13 
'fun LinearProgressIndicator(progress: Float, 
modifier: Modifier = ..., color: Color = ..., 
trackColor: Color = ..., strokeCap: StrokeCap = 
...): Unit' is deprecated. Use the overload that 
takes `progress` as a lambda.
w: file:///D:/2026-2027/hk4/Lap%20trinh%20di%20dong
/AngriSmart/app/src/main/java/com/example/angrismar
t/ui/screens/field/MyFieldsScreen.kt:149:17 'fun 
LinearProgressIndicator(progress: Float, modifier: 
Modifier = ..., color: Color = ..., trackColor: 
Color = ..., strokeCap: StrokeCap = ...): Unit' is 
deprecated. Use the overload that takes `progress` 
as a lambda.
w: file:///D:/2026-2027/hk4/Lap%20trinh%20di%20dong
/AngriSmart/app/src/main/java/com/example/angrismar
t/ui/screens/scan/ScanDiseaseScreen.kt:47:26 'val 
LocalLifecycleOwner: 
ProvidableCompositionLocal<LifecycleOwner>' is 
deprecated. Moved to lifecycle-runtime-compose 
library in androidx.lifecycle.compose package.
w: file:///D:/2026-2027/hk4/Lap%20trinh%20di%20dong
/AngriSmart/app/src/main/java/com/example/angrismar
t/ui/screens/scan/ScanResultScreen.kt:47:44 'val 
Icons.Filled.ArrowBack: ImageVector' is 
deprecated. Use the AutoMirrored version at 
Icons.AutoMirrored.Filled.ArrowBack.
w: file:///D:/2026-2027/hk4/Lap%20trinh%20di%20dong
/AngriSmart/app/src/main/java/com/example/angrismar
t/ui/theme/Theme.kt:36:20 'var statusBarColor: 
Int' is deprecated. Deprecated in Java.


